---
source: src/main_unit_tests/mod.rs
expression: actual
---
TUI binding commands: toggle-help, toggle-help-alt, toggle-settings, next-hop, previous-hop, next-trace, previous-trace, next-hop-address, previous-hop-address, address-mode-ip, address-mode-host, address-mode-both, toggle-freeze, toggle-chart, toggle-map, toggle-flows, toggle-privacy, expand-hosts, expand-hosts-max, contract-hosts, contract-hosts-min, chart-zoom-in, chart-zoom-out, clear-trace-data, clear-dns-cache, clear-selection, toggle-as-info, toggle-hop-details, quit
